// Vitest Snapshot v1, https://vitest.dev/guide/snapshot.html

exports[`golden master — full scan at the default seed > produces exactly the committed row set 1`] = `
{
  "rowCount": 23,
  "rows": [
    {
      "derivedFrom": null,
      "exchange": "NSE",
      "id": "100009-BREAKOUT-DOWN-1767597900",
      "level": 4875.35,
      "price": 4874.63,
      "rsi": 38.754211287566804,
      "signal": "BREAKOUT-DOWN",
      "streak": "RRRRRR",
      "symbol": "CROMPTON-EQ",
      "time": 1767597900,
    },
    {
      "derivedFrom": null,
      "exchange": "NSE",
      "id": "100011-BREAKOUT-UP-1767597900",
      "level": 36598.86,
      "price": 36650.02,
      "rsi": 72.85372241472496,
      "signal": "BREAKOUT-UP",
      "streak": "RGGGGG",
      "symbol": "GODREJCP-EQ",
      "time": 1767597900,
    },
    {
      "derivedFrom": null,
      "exchange": "NSE",
      "id": "100028-BREAKOUT-UP-1767597900",
      "level": 11930.4,
      "price": 11936.93,
      "rsi": 62.85294977270273,
      "signal": "BREAKOUT-UP",
      "streak": "GRRGGG",
      "symbol": "TCS-EQ",
      "time": 1767597900,
    },
    {
      "derivedFrom": null,
      "exchange": "NSE",
      "id": "100033-BREAKOUT-UP-1767597900",
      "level": 13212.95,
      "price": 13220.69,
      "rsi": 67.13907632191629,
      "signal": "BREAKOUT-UP",
      "streak": "GRRRGG",
      "symbol": "HDFCBANK-EQ",
      "time": 1767597900,
    },
    {
      "derivedFrom": null,
      "exchange": "NSE",
      "id": "100034-BREAKOUT-DOWN-1767597900",
      "level": 27925.01,
      "price": 27882.16,
      "rsi": 38.124232544558,
      "signal": "BREAKOUT-DOWN",
      "streak": "RRRRGR",
      "symbol": "MUTHOOTFIN-EQ",
      "time": 1767597900,
    },
    {
      "derivedFrom": null,
      "exchange": "NSE",
      "id": "100046-BREAKOUT-DOWN-1767597900",
      "level": 6226.08,
      "price": 6221.96,
      "rsi": 34.17844591187183,
      "signal": "BREAKOUT-DOWN",
      "streak": "RRGRRR",
      "symbol": "FORTIS-EQ",
      "time": 1767597900,
    },
    {
      "derivedFrom": null,
      "exchange": "NSE",
      "id": "100066-BREAKOUT-UP-1767597900",
      "level": 21115.78,
      "price": 21121.22,
      "rsi": 61.058010060696255,
      "signal": "BREAKOUT-UP",
      "streak": "RGRGGG",
      "symbol": "BHEL-EQ",
      "time": 1767597900,
    },
    {
      "derivedFrom": null,
      "exchange": "NSE",
      "id": "100068-BREAKOUT-UP-1767597900",
      "level": 17931.67,
      "price": 17931.86,
      "rsi": 68.4594771994195,
      "signal": "BREAKOUT-UP",
      "streak": "GGGGGG",
      "symbol": "FEDERALBNK-EQ",
      "time": 1767597900,
    },
    {
      "derivedFrom": null,
      "exchange": "NSE",
      "id": "100084-BREAKOUT-UP-1767597900",
      "level": 47709.97,
      "price": 47740.27,
      "rsi": 60.72062352853806,
      "signal": "BREAKOUT-UP",
      "streak": "GRGGGG",
      "symbol": "LT-EQ",
      "time": 1767597900,
    },
    {
      "derivedFrom": null,
      "exchange": "NSE",
      "id": "100094-BREAKOUT-UP-1767597900",
      "level": 4722.05,
      "price": 4726.67,
      "rsi": 61.00516070019841,
      "signal": "BREAKOUT-UP",
      "streak": "RRGGGG",
      "symbol": "SHRIRAMFIN-EQ",
      "time": 1767597900,
    },
    {
      "derivedFrom": null,
      "exchange": "NSE",
      "id": "100101-BREAKOUT-DOWN-1767597900",
      "level": 3257.66,
      "price": 3251.25,
      "rsi": 40.01250880576928,
      "signal": "BREAKOUT-DOWN",
      "streak": "RGRRRR",
      "symbol": "ADANIGREEN-EQ",
      "time": 1767597900,
    },
    {
      "derivedFrom": null,
      "exchange": "NSE",
      "id": "100108-BREAKOUT-DOWN-1767597900",
      "level": 57323.13,
      "price": 57232.92,
      "rsi": 41.30895725409945,
      "signal": "BREAKOUT-DOWN",
      "streak": "RGGRRR",
      "symbol": "BEL-EQ",
      "time": 1767597900,
    },
    {
      "derivedFrom": null,
      "exchange": "NFO",
      "id": "100201-BREAKOUT-DOWN-1767597900",
      "level": 5156.78,
      "price": 5154.21,
      "rsi": 43.10605724029084,
      "signal": "BREAKOUT-DOWN",
      "streak": "RRRGGR",
      "symbol": "ZEEL26JANFUT",
      "time": 1767597900,
    },
    {
      "derivedFrom": null,
      "exchange": "NFO",
      "id": "100222-BREAKOUT-DOWN-1767597900",
      "level": 32927.71,
      "price": 32923.32,
      "rsi": 37.955595951313995,
      "signal": "BREAKOUT-DOWN",
      "streak": "RRRRRR",
      "symbol": "MFSL26JANFUT",
      "time": 1767597900,
    },
    {
      "derivedFrom": null,
      "exchange": "NFO",
      "id": "100276-BREAKOUT-DOWN-1767597900",
      "level": 4877.46,
      "price": 4874.48,
      "rsi": 32.9577400743797,
      "signal": "BREAKOUT-DOWN",
      "streak": "RRRRRR",
      "symbol": "BANKBARODA26JANFUT",
      "time": 1767597900,
    },
    {
      "derivedFrom": null,
      "exchange": "NFO",
      "id": "100318-BREAKOUT-UP-1767597900",
      "level": 9048.7,
      "price": 9050.79,
      "rsi": 64.82692556523293,
      "signal": "BREAKOUT-UP",
      "streak": "RGGGGG",
      "symbol": "PNB26JANFUT",
      "time": 1767597900,
    },
    {
      "derivedFrom": null,
      "exchange": "NFO",
      "id": "100324-BREAKOUT-DOWN-1767597900",
      "level": 62315.9,
      "price": 62261.71,
      "rsi": 26.635916829413844,
      "signal": "BREAKOUT-DOWN",
      "streak": "RRRRRR",
      "symbol": "JKCEMENT26JANFUT",
      "time": 1767597900,
    },
    {
      "derivedFrom": null,
      "exchange": "NFO",
      "id": "100327-BREAKOUT-UP-1767597900",
      "level": 34563.71,
      "price": 34570.06,
      "rsi": 62.44440899643582,
      "signal": "BREAKOUT-UP",
      "streak": "GGGGGG",
      "symbol": "RAMCOCEM26JANFUT",
      "time": 1767597900,
    },
    {
      "derivedFrom": null,
      "exchange": "NFO",
      "id": "100333-BREAKOUT-DOWN-1767597900",
      "level": 5200.31,
      "price": 5189.79,
      "rsi": 33.2594850168186,
      "signal": "BREAKOUT-DOWN",
      "streak": "GGRRRR",
      "symbol": "CROMPTON26JANFUT",
      "time": 1767597900,
    },
    {
      "derivedFrom": null,
      "exchange": "NFO",
      "id": "100381-BREAKOUT-UP-1767597900",
      "level": 33918.88,
      "price": 33939.77,
      "rsi": 58.53780049844781,
      "signal": "BREAKOUT-UP",
      "streak": "RGGGGG",
      "symbol": "SUNPHARMA26JANFUT",
      "time": 1767597900,
    },
    {
      "derivedFrom": null,
      "exchange": "NFO",
      "id": "100387-SELL-1767597900",
      "level": null,
      "price": 34601.08,
      "rsi": 38.614013877861176,
      "signal": "SELL",
      "streak": "GRGGRR",
      "symbol": "SBIN26JANFUT",
      "time": 1767597900,
    },
    {
      "derivedFrom": null,
      "exchange": "NFO",
      "id": "100405-BREAKOUT-DOWN-1767597900",
      "level": 5320.5,
      "price": 5307.71,
      "rsi": 35.38251793416167,
      "signal": "BREAKOUT-DOWN",
      "streak": "RRRRRR",
      "symbol": "BATAINDIA26JANFUT",
      "time": 1767597900,
    },
    {
      "derivedFrom": null,
      "exchange": "NFO",
      "id": "100453-BREAKOUT-UP-1767597900",
      "level": 9470.64,
      "price": 9483.89,
      "rsi": 61.86159875968147,
      "signal": "BREAKOUT-UP",
      "streak": "GGGRRG",
      "symbol": "ALKEM26JANFUT",
      "time": 1767597900,
    },
  ],
  "universeSize": 198,
}
`;
